---
source: crates/lastcall/tests/test_e2e_tui_snapshots.rs
expression: frame
---
"lastcall  3 repos · 5 files · 5 hunks  [Accept All]                                       watching W"
"┌──────────────────────────┬───────────────────────────────────────────────────────────────────────┐"
"│alpha                     │f1  M  +1 −1                                            [A accept file]│"
"│  main · 2 files     ┌ keys ────────────────────────────────────────────────┐           [a accept]│"
"│  M f1  +1 −1        │ ↑ / k          previous entry / scroll up            │                     │"
"│  M f2  +1 −0        │ ↓ / j          next entry / scroll down              │                     │"
"│─────────────────────│ PgUp / b       page up                               │                     │"
"│beta                 │ PgDn / Space   page down                             │                     │"
"│  main · 2 files     │ ⏎ / l          open the diff                         │                     │"
"│  A u1  +1 −0  [upstr│ Esc / h        back to the file list (close help)    │                     │"
"│  A u2  +2 −0  [mixed│ Tab            toggle focus                          │                     │"
"│  upstream · 1 file  │ n / ]          next hunk                             │                     │"
"│─────────────────────│ p / [          previous hunk                         │                     │"
"│notes                │ f              full paths                            │                     │"
"│  draft · 1 file     │ o              show org/repo                         │                     │"
"│  M n2.md  +2 −0     │ a              accept the hunk or the selected entry │                     │"
"│                     │ A              accept the whole file                 │                     │"
"│                     │ Ctrl-A         accept everything listed              │                     │"
"│                     │ r              rescan now                            │                     │"
"│                     │ ?              this help                             │                     │"
"│                     │ q / Ctrl-C     quit                                  │                     │"
"│                     │ y / ⏎          confirm                               │                     │"
"│                     │ n / Esc        cancel                                │                     │"
"│                     │                                                      │                     │"
"│                     │ any key closes                                       │                     │"
"│                     └──────────────────────────────────────────────────────┘                     │"
"│                          │                                                                       │"
"│                          │                                                                       │"
"└──────────────────────────┴───────────────────────────────────────────────────────────────────────┘"
"↑↓ select  ⏎ open  n/p hunk  a/A accept file  ^A accept all  Tab focus  r refresh  ? help  q quit   "
