---
source: crates/lastcall/tests/test_e2e_tui_snapshots.rs
expression: frame
---
"lastcall  3 repos · 6 files · 8 hunks  standalone  [Accept All]                           watching W"
"┌──────────────────────────┬───────────────────────────────────────────────────────────────────────┐"
"│alpha                     │f1  M  +1 −1                           [A accept file] [U restore file]│"
"│  main · 3 files          │@@ -1,4 +1,4 @@                         [a accept] [u restore] [m flag]│"
"│  M f1  +1 −1             │-a1                                                                    │"
"│  M f2  +1 −0             │+A1                                                                    │"
"│  M parse.rs  +10 −2      │ a2                                                                    │"
"│──────────────────────────│ a3                                                                    │"
"│beta                      │ a4                                                                    │"
"│  main · 2 files          │                                                                       │"
"│  A u1  +1 −0  [upstream] │                                                                       │"
"│  A u2  +2 −0  [mixed]    │                                                                       │"
"│  upstream · 1 file      ┌ review ─────────────────────────────────────┐                          │"
"│─────────────────────────│ f1 edited — mark every hunk in it reviewed? │                          │"
"│W/notes                  │                                             │                          │"
"│  draft · 1 file         │ y / ⏎ confirm    n / Esc cancel             │                          │"
"│  M n2.md  +2 −0         └─────────────────────────────────────────────┘                          │"
"│                          │                                                                       │"
"│                          │                                                                       │"
"│                          │                                                                       │"
"│                          │                                                                       │"
"│                          │                                                                       │"
"│                          │                                                                       │"
"│                          │                                                                       │"
"│                          │                                                                       │"
"│                          │                                                                       │"
"│                          │                                                                       │"
"│                          │                                                                       │"
"└──────────────────────────┴───────────────────────────────────────────────────────────────────────┘"
"y confirm  n cancel  q quit                                                                         "
