---
source: crates/lastcall/tests/test_e2e_tui_snapshots.rs
expression: frame
---
"lastcall  2 repos · 1 file · 1 hunk  herdr 0.8.2  [Accept All]                            watching W"
"┌──────────────────────────┬───────────────────────────────────────────────────────────────────────┐"
"│⚑ alpha                   │nothing pending in alpha · agent done                                  │"
"│  main · 0 files          │  main · 0 files                                                       │"
"│  agent done              │                                                                       │"
"│──────────────────────────│                                                                       │"
"│notes                     │                                                                       │"
"│  draft · 1 file          │                                                                       │"
"│  M n2.md  +2 −0          │                                                                       │"
"│                          │                                                                       │"
"│                          │                                                                       │"
"│                          │                                                                       │"
"│                          │                                                                       │"
"│                          │                                                                       │"
"│                          │                                                                       │"
"│                          │                                                                       │"
"│                          │                                                                       │"
"│                          │                                                                       │"
"│                          │                                                                       │"
"│                          │                                                                       │"
"│                          │                                                                       │"
"│                          │                                                                       │"
"│                          │                                                                       │"
"│                          │                                                                       │"
"│                          │                                                                       │"
"│                          │                                                                       │"
"│                          │                                                                       │"
"│                          │                                                                       │"
"└──────────────────────────┴───────────────────────────────────────────────────────────────────────┘"
"↑↓ select  ⏎ open  ^A accept all  z undo  s snooze  d ack  g jump  t show empty  ? help  q quit     "
