---
source: crates/lastcall/tests/test_e2e_tui_snapshots.rs
expression: frame
---
"lastcall  3 repos · 5 files · 5 hunks                                                     watching W"
"┌──────────────────────────┬───────────────────────────────────────────────────────────────────────┐"
"│alpha                     │d/new.rs  A  +10 −0  (renamed from d/old.rs 90%)                       │"
"│  main · 2 files          │@@ -0,0 +1,10 @@                                                       │"
"│  A new.rs  +10 −0        │+l1                                                                    │"
"│  D old.rs  +0 −10        │+L2                                                                    │"
"│──────────────────────────│+l3                                                                    │"
"│beta                      │+l4                                                                    │"
"│  main · 2 files          │+l5                                                                    │"
"│  A u1  +1 −0  [upstream] │+l6                                                                    │"
"│  A u2  +2 −0  [mixed]    │+l7                                                                    │"
"│  upstream · 1 file       │+l8                                                                    │"
"│──────────────────────────│+l9                                                                    │"
"│notes                     │+l10                                                                   │"
"│  draft · 1 file          │                                                                       │"
"│  M n2.md  +2 −0          │                                                                       │"
"│                          │                                                                       │"
"│                          │                                                                       │"
"│                          │                                                                       │"
"│                          │                                                                       │"
"│                          │                                                                       │"
"│                          │                                                                       │"
"│                          │                                                                       │"
"│                          │                                                                       │"
"│                          │                                                                       │"
"│                          │                                                                       │"
"│                          │                                                                       │"
"│                          │                                                                       │"
"└──────────────────────────┴───────────────────────────────────────────────────────────────────────┘"
"↑↓ select  ⏎ open  n/p hunk  Tab focus  r refresh  ? help  q quit                                   "
