---
source: crates/lastcall/tests/test_e2e_tui_snapshots.rs
expression: frame
---
"lastcall  3 repos · 6 files · 8 hunks  standalone  [Accept All]                           watching W"
"┌──────────────────────────┬───────────────────────────────────────────────────────────────────────┐"
"│alpha                     │f1  M  +1 −1  ⚑ which of you wrote t…  [A accept file] [U restore file]│"
"│  main · 3 files          │@@ -1,4 +1,4 @@  ⚑ which of you wrote…  [a accept] [u restore] [m flag]│"
"│  M f1 ⚑  +1 −1           │-a1                                                                    │"
"│  M f2  +1 −0             │+A1                                                                    │"
"│  M parse.rs  +10 −2      │ a2                                                                    │"
"│──────────────────────────│ a3                                                                    │"
"│beta                      │ a4                                                                    │"
"│  main · 2 files          │                                                                       │"
"│  A u1  +1 −0  [upstream] │                                                                       │"
"│  A u2  +2 −0  [mixed]    │    ┌ send to ────────────────────────┐                                │"
"│  upstream · 1 file       │    │ flagged f1 hunk 1 — send to:    │                                │"
"│──────────────────────────│    │                                 │                                │"
"│notes                     │    │   claude · lastcall · blocked   │                                │"
"│  draft · 1 file          │    │ ▸ codex · spike · working       │                                │"
"│  M n2.md  +2 −0          │    │                                 │                                │"
"│                          │    │ ↑↓ choose   ⏎ send   Esc cancel │                                │"
"│                          │    └─────────────────────────────────┘                                │"
"│                          │                                                                       │"
"│                          │                                                                       │"
"│                          │                                                                       │"
"│                          │                                                                       │"
"│                          │                                                                       │"
"│                          │                                                                       │"
"│                          │                                                                       │"
"│                          │                                                                       │"
"│                          │                                                                       │"
"└──────────────────────────┴───────────────────────────────────────────────────────────────────────┘"
"↑↓ select  ⏎ open  n/p hunk  a accept hunk  A accept file  ^A accept all  ? help  q quit            "
