---
source: crates/lastcall/tests/test_e2e_tui_snapshots.rs
expression: frame
---
"lastcall  3 repos · 6 files · 8 hunks  standalone  [Accept All]                           watching W"
"┌──────────────────────────┬───────────────────────────────────────────────────────────────────────┐"
"│alpha                     │f1  M  +1 −1                           [A accept file] [U restore file]│"
"│  main · 3 files          │@@ -1,4 +1,4 @@                         [a accept] [u restore] [m flag]│"
"│  M f1  +1 −1  ┌ keys ────────────────────────────────────────────────────────────┐               │"
"│  M f2  +1 −0  │ ↑ / k          previous entry / scroll up                        │               │"
"│  M parse.rs  +│ ↓ / j          next entry / scroll down                          │               │"
"│───────────────│ PgUp / b       page up                                           │               │"
"│beta           │ PgDn / Space   page down                                         │               │"
"│  main · 2 file│ ⏎ / l / →      open the diff                                     │               │"
"│  A u1  +1 −0  │ Esc / h / ←    back to the file list (close help)                │               │"
"│  A u2  +2 −0  │ Tab            toggle focus                                      │               │"
"│  upstream · 1 │ n / ]          next hunk                                         │               │"
"│───────────────│ p / [          previous hunk                                     │               │"
"│notes          │ e              expand a collapsed file                           │               │"
"│  draft · 1 fil│ f              full paths                                        │               │"
"│  M n2.md  +2 −│ o              show org/repo                                     │               │"
"│               │ a              accept the hunk or the selected entry             │               │"
"│               │ A              accept the whole file                             │               │"
"│               │ Ctrl-A         accept everything listed                          │               │"
"│               │ u              restore the hunk                                  │               │"
"│               │ U              restore the whole file                            │               │"
"│               │ m              flag it with a note                               │               │"
"│               │ M              clear the file's flags                            │               │"
"│               │ i              edit in place                                     │               │"
"│               │ I              $EDITOR at the hunk                               │               │"
"│               │ d              ack the agent flag                                │               │"
"│               │ g              jump to the agent in herdr                        │               │"
"│               │ w              workspace scope on/off                            │               │"
"│               │ r              rescan now                                        │               │"
"│               │ ?              this help                                         │               │"
"│               │ q / Ctrl-C     quit                                              │               │"
"│               │ y / ⏎          confirm                                           │               │"
"│               │ n / Esc        cancel                                            │               │"
"│               │                                                                  │               │"
"│               │ ^J is a newline in the note (⇧⏎ needs a kitty-protocol terminal) │               │"
"│               │ shift+drag selects text (mouse capture is on)                    │               │"
"│               │                                                                  │               │"
"│               │ any key closes                                                   │               │"
"│               └──────────────────────────────────────────────────────────────────┘               │"
"│                          │                                                                       │"
"│                          │                                                                       │"
"│                          │                                                                       │"
"└──────────────────────────┴───────────────────────────────────────────────────────────────────────┘"
"↑↓ select  ⏎ open  n/p hunk  a accept hunk  A accept file  ^A accept all  ? help  q quit            "
