---
source: crates/lastcall/tests/test_e2e_tui_snapshots.rs
expression: frame
---
"lastcall  4 repos · 7 files · 8 hunks  standalone  [Accept All]                           watching W"
"┌──────────────────────────┬───────────────────────────────────────────────────────────────────────┐"
"│alpha                     │reply.md  M  +2 −2                     [A accept file] [U restore file]│"
"│  main · 3 files          │@@ -1,5 +1,5 @@                         [a accept] [u restore] [m flag]│"
"│  A .gitignore  +1 −0     │ line 1                                                                │"
"│  M f1  +1 −1             │-line 2                                                                │"
"│  M f2  +1 −0             │+line 2 edited by the agent                                            │"
"│──────────────────────────│ line 3                                                                │"
"│_drafts                   │ line 4                                                                │"
"│  draft · 1 file          │ line 5                                                                │"
"│  M reply.md  +2 −2       │                                                                       │"
"│──────────────────────────│@@ -15,6 +15,6 @@                       [a accept] [u restore] [m flag]│"
"│beta                      │ line 15                                                               │"
"│  main · 2 files          │ line 16                                                               │"
"│  A u1  +1 −0  [upstream] │ line 17                                                               │"
"│  A u2  +2 −0  [mixed]    │-line 18                                                               │"
"│  upstream · 1 file       │+line 18 edited by the agent                                           │"
"│──────────────────────────│ line 19                                                               │"
"│notes                     │ line 20                                                               │"
"│  draft · 1 file          │                                                                       │"
"│  M n2.md  +2 −0          │                                                                       │"
"│                          │                                                                       │"
"│                          │                                                                       │"
"│                          │                                                                       │"
"│                          │                                                                       │"
"│                          │                                                                       │"
"│                          │                                                                       │"
"│                          │                                                                       │"
"└──────────────────────────┴───────────────────────────────────────────────────────────────────────┘"
"↑↓ select  ⏎ open  n/p hunk  a accept hunk  A accept file  ^A accept all  ? help  q quit            "
