---
source: crates/lastcall/tests/test_e2e_tui_snapshots.rs
expression: frame
---
"lastcall  3 repos · 6 files · 5 hunks                                                     watching W"
"┌──────────────────────────┬───────────────────────────────────────────────────────────────────────┐"
"│alpha                     │Cargo.lock  A  +3 −0                                                   │"
"│  main · 3 files          │collapsed (glob) · +3 −0 · expands in a later phase                    │"
"│  A Cargo.lock ⊟  +3 −0   │                                                                       │"
"│  M f1  +1 −1             │                                                                       │"
"│  M f2  +1 −0             │                                                                       │"
"│──────────────────────────│                                                                       │"
"│beta                      │                                                                       │"
"│  main · 2 files          │                                                                       │"
"│  A u1  +1 −0  [upstream] │                                                                       │"
"│  A u2  +2 −0  [mixed]    │                                                                       │"
"│  upstream · 1 files      │                                                                       │"
"│──────────────────────────│                                                                       │"
"│notes                     │                                                                       │"
"│  draft · 1 files         │                                                                       │"
"│  M n2.md  +2 −0          │                                                                       │"
"│                          │                                                                       │"
"│                          │                                                                       │"
"│                          │                                                                       │"
"│                          │                                                                       │"
"│                          │                                                                       │"
"│                          │                                                                       │"
"│                          │                                                                       │"
"│                          │                                                                       │"
"│                          │                                                                       │"
"│                          │                                                                       │"
"│                          │                                                                       │"
"└──────────────────────────┴───────────────────────────────────────────────────────────────────────┘"
"↑↓ select  ⏎ open  n/p hunk  Tab focus  r refresh  ? help  q quit                                   "
