---
source: crates/lastcall/tests/test_e2e_tui_snapshots.rs
expression: style
---
0 0..36 Reset Reset BOLD
0 38..49 Reset Reset DIM
1 0..28 Cyan Reset -
2 0..1 Cyan Reset -
2 1..6 Reset Reset BOLD
2 27..28 Cyan Reset -
2 28..33 Reset Reset BOLD
3 0..1 Cyan Reset -
3 27..28 Cyan Reset -
3 39..41 Green Reset -
3 42..44 Red Reset -
4 0..1 Cyan Reset -
4 9..11 Green Reset -
4 12..14 Red Reset -
4 27..28 Cyan Reset -
5 0..1 Cyan Reset -
5 9..11 Green Reset -
5 12..14 Red Reset -
5 27..28 Cyan Reset -
6 0..1 Cyan Reset -
6 15..18 Green Reset -
6 19..21 Red Reset -
6 27..28 Cyan Reset -
7 0..1 Cyan Reset -
7 27..28 Cyan Reset -
8 0..1 Cyan Reset -
8 27..28 Cyan Reset -
9 0..1 Cyan Reset -
9 27..28 Cyan Reset -
10 0..1 Cyan Reset -
10 27..28 Cyan Reset -
11 0..1 Cyan Reset -
11 27..28 Cyan Reset -
12 0..1 Cyan Reset -
12 27..28 Cyan Reset -
13 0..1 Cyan Reset -
13 27..28 Cyan Reset -
14 0..1 Cyan Reset -
14 27..28 Cyan Reset -
15 0..1 Cyan Reset -
15 27..28 Cyan Reset -
16 0..1 Cyan Reset -
16 27..28 Cyan Reset -
17 0..1 Cyan Reset -
17 27..28 Cyan Reset -
18 0..1 Cyan Reset -
18 27..28 Cyan Reset -
19 0..1 Cyan Reset -
19 27..28 Cyan Reset -
20 0..1 Cyan Reset -
20 27..28 Cyan Reset -
21 0..1 Cyan Reset -
21 27..28 Cyan Reset -
22 0..28 Cyan Reset -
23 29..34 Reset Reset DIM
23 45..80 Reset Reset DIM
