---
source: crates/lastcall/tests/test_e2e_tui_snapshots.rs
expression: frame
---
"terminal too small (40×10 mini"
"                              "
"                              "
"                              "
"                              "
"                              "
"                              "
"                              "
