---
source: crates/lastcall/tests/test_e2e_tui_snapshots.rs
expression: frame
---
"lastcall  3 repos · 5 files · 6 hunks  standalone  [Accept All]                           watching W"
"┌──────────────────────────┬───────────────────────────────────────────────────────────────────────┐"
"│alpha                     │f1  M  +2 −1                           [A accept file] [U restore file]│"
"│  main · 2 files          │@@ -1,4 +1,4 @@                         [a accept] [u restore] [m flag]│"
"│  M f1  +2 −1             │-a1                                                                    │"
"│  M f2  +1 −0             │+A1                                                                    │"
"│──────────────────────────│ a2                                                                    │"
"│beta                      │ a3                                                                    │"
"│  main · 2 files          │ a4                                                                    │"
"│  A u1  +1 −0  [upstream] │                                                                       │"
"│  A u2  +2 −0  [mixed]    │@@ -8,3 +8,4 @@                         [a accept] [u restore] [m flag]│"
"│  upstream · 1 file       │ a8                                                                    │"
"│──────────────────────────│ a9                                                                    │"
"│notes                     │ a10                                                                   │"
"│  draft · 1 file          │+another edit, after the frame                                         │"
"│  M n2.md  +2 −0          │                                                                       │"
"│                          │                                                                       │"
"│                          │                                                                       │"
"│                          │                                                                       │"
"│                          │                                                                       │"
"│                          │                                                                       │"
"│                          │                                                                       │"
"│                          │                                                                       │"
"│                          │                                                                       │"
"│                          │                                                                       │"
"│                          │                                                                       │"
"│                          │                                                                       │"
"│                          │                                                                       │"
"└──────────────────────────┴───────────────────────────────────────────────────────────────────────┘"
"f1: changed since rendered; not accepted · 0s                                                       "
