---
source: crates/lastcall/tests/test_e2e_tui_snapshots.rs
expression: frame
---
"lastcall  3 repos · 5 files · 5 hunks  herdr 0.8.2  [Accept All]                          watching W"
"┌──────────────────────────┬───────────────────────────────────────────────────────────────────────┐"
"│⚑ alpha                   │select a file (↑↓ or click) · ? for help                               │"
"│  main · 2 files          │                                                                       │"
"│  M f1  +1 −1             │                                                                       │"
"│  M f2  +1 −0             │                                                                       │"
"│──────────────────────────│                                                                       │"
"│● beta                    │                                                                       │"
"│  main · 2 files          │                                                                       │"
"│  A u1  +1 −0  [upstream] │                                                                       │"
"│  A u2  +2 −0  [mixed]    │                                                                       │"
"│  upstream · 1 file       │                                                                       │"
"│──────────────────────────│                                                                       │"
"│● notes                   │                                                                       │"
"│  draft · 1 file          │                                                                       │"
"│  M n2.md  +2 −0          │                                                                       │"
"│                          │                                                                       │"
"│                          │                                                                       │"
"│                          │                                                                       │"
"│                          │                                                                       │"
"│                          │                                                                       │"
"│                          │                                                                       │"
"│                          │                                                                       │"
"│                          │                                                                       │"
"│                          │                                                                       │"
"│                          │                                                                       │"
"│                          │                                                                       │"
"│                          │                                                                       │"
"└──────────────────────────┴───────────────────────────────────────────────────────────────────────┘"
"↑↓ select  ⏎ open  n/p hunk  ^A accept all  Tab focus  r refresh  ? help  q quit                    "
