---
source: crates/lastcall/tests/test_e2e_tui_snapshots.rs
expression: frame
---
"lastcall  3 repos · 6 files · 8 hunks  standalone  [Accept All]                           watching W"
"┌──────────────────────────┬───────────────────────────────────────────────────────────────────────┐"
"│alpha                     │f1  M  +1 −1                           [A accept file] [U restore file]│"
"│  main · 3 files          │@@ -1,4 +1,4 @@                         [a accept] [u restore] [m flag]│"
"│  M f1  +1 −1             │-a1                                                                    │"
"│  M f2  +1 −0             │+A1                                                                    │"
"│  M parse.rs  +10 −2      │ a2                                                                    │"
"│──────────────────────────│ a3                                                                    │"
"│beta                      │ a4                                                                    │"
"│  main · 2 files   ┌ flag hunk 1 of 1 ────────────────────────────────────────┐                   │"
"│  A u1  +1 −0  [ups│ f1 · hunk 1 of 1                                         │                   │"
"│  A u2  +2 −0  [mix│                                                          │                   │"
"│  upstream · 1 file│ note line 3                                              │                   │"
"│───────────────────│ note line 4                                              │                   │"
"│notes              │ note line 5                                              │                   │"
"│  draft · 1 file   │ note line 6                                              │                   │"
"│  M n2.md  +2 −0   │ note line 7▌                                             │                   │"
"│                   │                                                          │                   │"
"│                   │ ⏎ send   ^J newline   Esc cancel                         │                   │"
"│                   └──────────────────────────────────────────────────────────┘                   │"
"│                          │                                                                       │"
"│                          │                                                                       │"
"│                          │                                                                       │"
"│                          │                                                                       │"
"│                          │                                                                       │"
"│                          │                                                                       │"
"│                          │                                                                       │"
"│                          │                                                                       │"
"└──────────────────────────┴───────────────────────────────────────────────────────────────────────┘"
"↑↓ select  ⏎ open  n/p hunk  a accept hunk  A accept file  ^A accept all  ? help  q quit            "
