---
source: crates/lastcall/tests/test_e2e_tui_snapshots.rs
expression: frame
---
"lastcall  3 repos · 0 files · 0 hunks  standalone  [Accept All]                           watching W"
"┌──────────────────────────┬───────────────────────────────────────────────────────────────────────┐"
"│alpha                     │nothing pending across 3 repos                                         │"
"│  main · 0 files          │  alpha  main                                                          │"
"│──────────────────────────│  beta  main                                                           │"
"│beta                      │  W/notes  draft                                                       │"
"│  main · 0 files          │                                                                       │"
"│──────────────────────────│                                                                       │"
"│W/notes                   │                                                                       │"
"│  draft · 0 files         │                                                                       │"
"│                          │                                                                       │"
"│                          │                                                                       │"
"│                          │                                                                       │"
"│                          │                                                                       │"
"│                          │                                                                       │"
"│                          │                                                                       │"
"│                          │                                                                       │"
"│                          │                                                                       │"
"│                          │                                                                       │"
"│                          │                                                                       │"
"│                          │                                                                       │"
"│                          │                                                                       │"
"│                          │                                                                       │"
"│                          │                                                                       │"
"│                          │                                                                       │"
"│                          │                                                                       │"
"│                          │                                                                       │"
"│                          │                                                                       │"
"└──────────────────────────┴───────────────────────────────────────────────────────────────────────┘"
"accepted 10 files in alpha · 0s                                                                     "
