---
source: crates/lastcall/tests/test_e2e_tui_snapshots.rs
expression: frame
---
"lastcall  3 repos · 6 files · 8 hunks  standalone  [Accept All]                           watching W"
"┌──────────────────────────┬───────────────────────────────────────────────────────────────────────┐"
"│alpha                     │f1  M  +1 −1                           [A accept file] [U restore file]│"
"┌ keys ────────────────────────────────────────────────────────────────────────────────────────────┐"
"│ ↑ / k          previous entry / scroll up              u              restore the hunk           │"
"│ ↓ / j          next entry / scroll down                U              restore the whole file     │"
"│ PgUp / b       page up                                 m              flag it with a note        │"
"│ PgDn / Space   page down                               M              clear the file's flags     │"
"│ ⏎ / l / →      open the diff                           v              select lines               │"
"│ Esc / h / ←    back to the file list (close help)      y              copy selection             │"
"│ Tab            toggle focus                            i              edit in place              │"
"│ n / ]          next hunk                               I              $EDITOR at the hunk        │"
"│ p / [          previous hunk                           d              ack the agent flag         │"
"│ e              expand a collapsed file                 g              jump to the agent in herdr │"
"│ f              full paths                              w              workspace scope on/off     │"
"│ o              show org/repo                           r              rescan now                 │"
"│ t              hide / show empty repos                 ?              this help                  │"
"│ a              accept the hunk or the selected entry   q / Ctrl-C     quit                       │"
"│ A              accept the whole file                   y / ⏎          confirm                    │"
"│ Ctrl-A         accept everything listed                n / Esc        cancel                     │"
"│                                                                                                  │"
"│ ^J is a newline in the note (⇧⏎ needs a kitty-protocol terminal)                                 │"
"│ shift+drag selects text (mouse capture is on) · v/y copies                                       │"
"│                                                                                                  │"
"│ any key closes                                                                                   │"
"└──────────────────────────────────────────────────────────────────────────────────────────────────┘"
"│                          │                                                                       │"
"│                          │                                                                       │"
"└──────────────────────────┴───────────────────────────────────────────────────────────────────────┘"
"↑↓ select  ⏎ open  n/p hunk  a accept hunk  A accept file  ^A accept all  ? help  q quit            "
