---
source: crates/lastcall/tests/test_e2e_tui_snapshots.rs
expression: frame
---
"lastcall  2 repos · 4 files · 6 hunks  standalone  [Accept All]                           watching W"
"┌──────────────────────────┬───────────────────────────────────────────────────────────────────────┐"
"│alpha                     │notes  draft · 1 file                                                  │"
"│  main · 3 files          │  M n2.md  +2 −0                                                       │"
"│  M f1  +1 −1             │                                                                       │"
"│  M f2  +1 −0             │                                                                       │"
"│  M parse.rs  +10 −2      │                                                                       │"
"│──────────────────────────│                                                                       │"
"│notes                     │                                                                       │"
"│  draft · 1 file          │                                                                       │"
"│  M n2.md  +2 −0          │                                                                       │"
"│                          │                                                                       │"
"│                          │                                                                       │"
"│                          │                                                                       │"
"│                          │                                                                       │"
"│                          │                                                                       │"
"│                          │                                                                       │"
"│                          │                                                                       │"
"│                          │                                                                       │"
"│                          │                                                                       │"
"│                          │                                                                       │"
"│                          │                                                                       │"
"│                          │                                                                       │"
"│                          │                                                                       │"
"│                          │                                                                       │"
"│                          │                                                                       │"
"│                          │                                                                       │"
"│                          │                                                                       │"
"└──────────────────────────┴───────────────────────────────────────────────────────────────────────┘"
"↑↓ select  ⏎ open  n/p hunk  a accept all in notes  ^A accept all  ? help  q quit                   "
