---
source: crates/lastcall/tests/test_e2e_tui_snapshots.rs
expression: frame
---
"lastcall  3 repos · 5 files · 5 hunks             watching W"
"┌──────────────────────────────────────────────────────────┐"
"│f1  M  +1 −1                               [A accept file]│"
"│@@ -1,4 +1,4 @@                                 [a accept]│"
"│-a1                                                       │"
"│+A1                                                       │"
"│ a2                                                       │"
"│ a3                                                       │"
"│ a4                                                       │"
"│                                                          │"
"│                                                          │"
"│                                                          │"
"│                                                          │"
"│                                                          │"
"│                                                          │"
"│                                                          │"
"│                                                          │"
"│                                                          │"
"└──────────────────────────────────────────────────────────┘"
"↑↓ select  ⏎ open  n/p hunk  a accept hunk  ? help  q quit  "
